// Jest Snapshot v1, https://goo.gl/fbAQLP

exports[`<BillCard /> renders correctly 1`] = `
<View
  accessibilityState={
    {
      "busy": undefined,
      "checked": undefined,
      "disabled": undefined,
      "expanded": undefined,
      "selected": undefined,
    }
  }
  accessibilityValue={
    {
      "max": undefined,
      "min": undefined,
      "now": undefined,
      "text": undefined,
    }
  }
  accessible={true}
  collapsable={false}
  focusable={true}
  onClick={[Function]}
  onResponderGrant={[Function]}
  onResponderMove={[Function]}
  onResponderRelease={[Function]}
  onResponderTerminate={[Function]}
  onResponderTerminationRequest={[Function]}
  onStartShouldSetResponder={[Function]}
  style={
    {
      "opacity": 1,
    }
  }
>
  <View
    style={
      [
        {
          "borderRadius": 12,
          "borderWidth": 1,
          "flexDirection": "row",
          "marginBottom": 15,
          "padding": 15,
        },
        {
          "backgroundColor": "#F9731615",
        },
        {
          "borderColor": "#F97316",
        },
      ]
    }
  >
    <View
      style={
        [
          {
            "alignItems": "center",
            "borderRadius": 20,
            "height": 40,
            "justifyContent": "center",
            "marginRight": 12,
            "width": 40,
          },
          {
            "backgroundColor": "#F9731630",
          },
        ]
      }
    >
      <View
        color="#F97316"
        name="coffee"
        size={24}
      />
    </View>
    <View
      style={
        {
          "flex": 1,
        }
      }
    >
      <View
        style={
          {
            "alignItems": "center",
            "flexDirection": "row",
            "justifyContent": "space-between",
            "marginBottom": 8,
          }
        }
      >
        <Text
          style={
            {
              "flex": 1,
              "fontSize": 18,
              "fontWeight": "bold",
              "marginRight": 8,
            }
          }
        >
          Lunch
        </Text>
        <Text
          style={
            [
              {
                "fontSize": 18,
                "fontWeight": "bold",
              },
              {
                "color": "#FF3B30",
              },
            ]
          }
        >
          $
          25.00
        </Text>
      </View>
      <Text
        numberOfLines={2}
        style={
          {
            "color": "#666",
            "fontSize": 14,
            "marginBottom": 8,
          }
        }
      >
        Lunch with friends
      </Text>
      <View
        style={
          {
            "alignItems": "center",
            "flexDirection": "row",
            "justifyContent": "space-between",
            "marginBottom": 4,
          }
        }
      >
        <Text
          style={
            {
              "color": "#666",
              "fontSize": 14,
            }
          }
        >
          You owe
           
          John Doe
        </Text>
        <Text
          style={
            [
              {
                "fontWeight": "600",
              },
              {
                "color": "#FF3B30",
              },
            ]
          }
        >
          You owe
        </Text>
      </View>
      <Text
        style={
          {
            "color": "#999",
            "fontSize": 12,
          }
        }
      >
        11/20/2024
      </Text>
      <View
        accessibilityState={
          {
            "busy": undefined,
            "checked": undefined,
            "disabled": undefined,
            "expanded": undefined,
            "selected": undefined,
          }
        }
        accessibilityValue={
          {
            "max": undefined,
            "min": undefined,
            "now": undefined,
            "text": undefined,
          }
        }
        accessible={true}
        collapsable={false}
        focusable={true}
        onClick={[Function]}
        onResponderGrant={[Function]}
        onResponderMove={[Function]}
        onResponderRelease={[Function]}
        onResponderTerminate={[Function]}
        onResponderTerminationRequest={[Function]}
        onStartShouldSetResponder={[Function]}
        style={
          {
            "alignItems": "center",
            "backgroundColor": "#F97316",
            "borderRadius": 8,
            "marginTop": 10,
            "opacity": 1,
            "padding": 10,
          }
        }
      >
        <Text
          style={
            {
              "color": "#fff",
              "fontWeight": "600",
            }
          }
        >
          Pay Now
        </Text>
      </View>
    </View>
  </View>
</View>
`;
